current directory: /home/gs/Desktop/varshini/rails-project/vendor/bundle/ruby/4.0.0/gems/bigdecimal-4.1.2/ext/bigdecimal
/usr/local/bin/ruby extconf.rb
checking for __builtin_clz()... yes
checking for __builtin_clzl()... yes
checking for __builtin_clzll()... yes
checking for float.h... yes
checking for math.h... yes
checking for stdbool.h... yes
checking for stdlib.h... yes
checking for x86intrin.h... yes
checking for _lzcnt_u32() in x86intrin.h... no
checking for _lzcnt_u64() in x86intrin.h... no
checking for intrin.h... no
checking for ruby/atomic.h... yes
checking for ruby/internal/has/builtin.h... yes
checking for ruby/internal/static_assert.h... yes
checking for rb_complex_real() in ruby.h... yes
checking for rb_complex_imag() in ruby.h... yes
checking for rb_opts_exception_p() in ruby.h... yes
checking for rb_category_warn() in ruby.h... yes
checking for RB_WARN_CATEGORY_DEPRECATED in ruby.h... yes
checking for RUBY_TYPED_EMBEDDABLE in ruby.h... yes
creating Makefile

current directory: /home/gs/Desktop/varshini/rails-project/vendor/bundle/ruby/4.0.0/gems/bigdecimal-4.1.2/ext/bigdecimal
make -j3 DESTDIR\= sitearchdir\=./.gem.20260828-81157-41fpjy sitelibdir\=./.gem.20260828-81157-41fpjy clean
make: warning: -j3 forced in submake: resetting jobserver mode.

current directory: /home/gs/Desktop/varshini/rails-project/vendor/bundle/ruby/4.0.0/gems/bigdecimal-4.1.2/ext/bigdecimal
make -j3 DESTDIR\= sitearchdir\=./.gem.20260828-81157-41fpjy sitelibdir\=./.gem.20260828-81157-41fpjy
make: warning: -j3 forced in submake: resetting jobserver mode.
compiling missing.c
compiling bigdecimal.c
linking shared-object bigdecimal.so

current directory: /home/gs/Desktop/varshini/rails-project/vendor/bundle/ruby/4.0.0/gems/bigdecimal-4.1.2/ext/bigdecimal
make -j3 DESTDIR\= sitearchdir\=./.gem.20260828-81157-41fpjy sitelibdir\=./.gem.20260828-81157-41fpjy install
make: warning: -j3 forced in submake: resetting jobserver mode.
/usr/bin/install -c -m 0755 bigdecimal.so ./.gem.20260828-81157-41fpjy

current directory: /home/gs/Desktop/varshini/rails-project/vendor/bundle/ruby/4.0.0/gems/bigdecimal-4.1.2/ext/bigdecimal
make DESTDIR\= sitearchdir\=./.gem.20260828-81157-41fpjy sitelibdir\=./.gem.20260828-81157-41fpjy clean
