current directory: /home/gs/Desktop/varshini/rails-project/vendor/bundle/ruby/4.0.0/gems/io-console-0.9.2/ext/io/console
/usr/local/bin/ruby extconf.rb
checking for rb_interned_str_cstr()... yes
checking for rb_ractor_local_storage_value_newkey()... yes
checking for rb_io_descriptor() in ruby/io.h... yes
checking for rb_io_path() in ruby/io.h... yes
checking for rb_io_closed_p() in ruby/io.h... yes
checking for rb_io_open_descriptor() in ruby/io.h... yes
checking for termios.h... yes
checking for cfmakeraw() in termios.h... yes
checking for sys/ioctl.h... yes
checking for HAVE_RUBY_FIBER_SCHEDULER_H... yes
checking for rb_category_warn()... yes
checking for RB_WARN_CATEGORY_DEPRECATED... yes
checking for ttyname_r()... yes
checking for rb_prepend_module()... yes
creating Makefile

current directory: /home/gs/Desktop/varshini/rails-project/vendor/bundle/ruby/4.0.0/gems/io-console-0.9.2/ext/io/console
make -j3 DESTDIR\= sitearchdir\=./.gem.20260828-81157-hfnwli sitelibdir\=./.gem.20260828-81157-hfnwli clean
make: warning: -j3 forced in submake: resetting jobserver mode.

current directory: /home/gs/Desktop/varshini/rails-project/vendor/bundle/ruby/4.0.0/gems/io-console-0.9.2/ext/io/console
make -j3 DESTDIR\= sitearchdir\=./.gem.20260828-81157-hfnwli sitelibdir\=./.gem.20260828-81157-hfnwli
make: warning: -j3 forced in submake: resetting jobserver mode.
compiling console.c
linking shared-object io/console.so

current directory: /home/gs/Desktop/varshini/rails-project/vendor/bundle/ruby/4.0.0/gems/io-console-0.9.2/ext/io/console
make -j3 DESTDIR\= sitearchdir\=./.gem.20260828-81157-hfnwli sitelibdir\=./.gem.20260828-81157-hfnwli install
make: warning: -j3 forced in submake: resetting jobserver mode.
/usr/bin/install -c -m 0755 console.so ./.gem.20260828-81157-hfnwli/io

current directory: /home/gs/Desktop/varshini/rails-project/vendor/bundle/ruby/4.0.0/gems/io-console-0.9.2/ext/io/console
make DESTDIR\= sitearchdir\=./.gem.20260828-81157-hfnwli sitelibdir\=./.gem.20260828-81157-hfnwli clean
