current directory: /home/gs/Desktop/varshini/rails-project/vendor/bundle/ruby/4.0.0/gems/bootsnap-1.25.0/ext/bootsnap
/usr/local/bin/ruby extconf.rb
checking for fdatasync() in unistd.h... yes
checking for fstatat() in sys/stat.h... yes
checking for whether -D_GNU_SOURCE is accepted as CPPFLAGS... yes
checking for whether -O3 is accepted as CFLAGS... yes
checking for whether -std=c99 is accepted as CFLAGS... yes
creating Makefile

current directory: /home/gs/Desktop/varshini/rails-project/vendor/bundle/ruby/4.0.0/gems/bootsnap-1.25.0/ext/bootsnap
make -j3 DESTDIR\= sitearchdir\=./.gem.20260828-81157-3wcjka sitelibdir\=./.gem.20260828-81157-3wcjka clean
make: warning: -j3 forced in submake: resetting jobserver mode.

current directory: /home/gs/Desktop/varshini/rails-project/vendor/bundle/ruby/4.0.0/gems/bootsnap-1.25.0/ext/bootsnap
make -j3 DESTDIR\= sitearchdir\=./.gem.20260828-81157-3wcjka sitelibdir\=./.gem.20260828-81157-3wcjka
make: warning: -j3 forced in submake: resetting jobserver mode.
compiling bootsnap.c
linking shared-object bootsnap/bootsnap.so

current directory: /home/gs/Desktop/varshini/rails-project/vendor/bundle/ruby/4.0.0/gems/bootsnap-1.25.0/ext/bootsnap
make -j3 DESTDIR\= sitearchdir\=./.gem.20260828-81157-3wcjka sitelibdir\=./.gem.20260828-81157-3wcjka install
make: warning: -j3 forced in submake: resetting jobserver mode.
/usr/bin/install -c -m 0755 bootsnap.so ./.gem.20260828-81157-3wcjka/bootsnap

current directory: /home/gs/Desktop/varshini/rails-project/vendor/bundle/ruby/4.0.0/gems/bootsnap-1.25.0/ext/bootsnap
make DESTDIR\= sitearchdir\=./.gem.20260828-81157-3wcjka sitelibdir\=./.gem.20260828-81157-3wcjka clean
